V3 11
FL C:/SkyDrive/School/Polytechnic/EL6463_AdvancedHardwareDesign/Labs/Lab7/hex2sevenseg.vhd 2015/04/07.03:06:24 P.20131013
EN work/hex_7seg 1428441966 \
      FL C:/SkyDrive/School/Polytechnic/EL6463_AdvancedHardwareDesign/Labs/Lab7/hex2sevenseg.vhd \
      PB ieee/std_logic_1164 1381692176 PB ieee/std_logic_arith 1381692177 \
      PB ieee/STD_LOGIC_UNSIGNED 1381692179
AR work/hex_7seg/behavioral 1428441967 \
      FL C:/SkyDrive/School/Polytechnic/EL6463_AdvancedHardwareDesign/Labs/Lab7/hex2sevenseg.vhd \
      EN work/hex_7seg 1428441966
FL C:/SkyDrive/School/Polytechnic/EL6463_AdvancedHardwareDesign/Labs/Lab7/rc5.vhd 2015/04/07.17:25:53 P.20131013
EN work/rc5 1428441968 \
      FL C:/SkyDrive/School/Polytechnic/EL6463_AdvancedHardwareDesign/Labs/Lab7/rc5.vhd \
      PB ieee/std_logic_1164 1381692176 PB ieee/STD_LOGIC_UNSIGNED 1381692179
AR work/rc5/rtl 1428441969 \
      FL C:/SkyDrive/School/Polytechnic/EL6463_AdvancedHardwareDesign/Labs/Lab7/rc5.vhd \
      EN work/rc5 1428441968 CP work/rotLeft CP work/hex_7seg
FL C:/SkyDrive/School/Polytechnic/EL6463_AdvancedHardwareDesign/Labs/Lab7/rotLeft.vhd 2015/04/07.01:18:37 P.20131013
EN work/rotLeft 1428441964 \
      FL C:/SkyDrive/School/Polytechnic/EL6463_AdvancedHardwareDesign/Labs/Lab7/rotLeft.vhd \
      PB ieee/std_logic_1164 1381692176
AR work/rotLeft/rtl 1428441965 \
      FL C:/SkyDrive/School/Polytechnic/EL6463_AdvancedHardwareDesign/Labs/Lab7/rotLeft.vhd \
      EN work/rotLeft 1428441964
