V3 5
FL C:/SkyDrive/School/Polytechnic/EL6463_AdvancedHardwareDesign/Labs/Lab5/rc5_key.vhd 2015/03/17.11:19:20 P.20131013
EN work/rc5_key 1426606034 \
      FL C:/SkyDrive/School/Polytechnic/EL6463_AdvancedHardwareDesign/Labs/Lab5/rc5_key.vhd \
      PB ieee/std_logic_1164 1381692176 PB ieee/STD_LOGIC_UNSIGNED 1381692179 \
      PH work/rc5_pkg 1426606033
AR work/rc5_key/key_exp 1426606035 \
      FL C:/SkyDrive/School/Polytechnic/EL6463_AdvancedHardwareDesign/Labs/Lab5/rc5_key.vhd \
      EN work/rc5_key 1426606034
FL C:/SkyDrive/School/Polytechnic/EL6463_AdvancedHardwareDesign/Labs/Lab5/rc5_pkg.vhd 2015/03/17.10:54:00 P.20131013
PH work/rc5_pkg 1426606033 \
      FL C:/SkyDrive/School/Polytechnic/EL6463_AdvancedHardwareDesign/Labs/Lab5/rc5_pkg.vhd \
      PB ieee/std_logic_1164 1381692176
