Release 14.7 - xst P.20131013 (nt64)
Copyright (c) 1995-2013 Xilinx, Inc.  All rights reserved.
--> Parameter TMPDIR set to xst/projnav.tmp


Total REAL time to Xst completion: 0.00 secs
Total CPU time to Xst completion: 0.17 secs
 
--> Parameter xsthdpdir set to xst


Total REAL time to Xst completion: 0.00 secs
Total CPU time to Xst completion: 0.17 secs
 
--> Reading design: rc5.prj

TABLE OF CONTENTS
  1) Synthesis Options Summary
  2) HDL Compilation
  3) Design Hierarchy Analysis
  4) HDL Analysis
  5) HDL Synthesis
     5.1) HDL Synthesis Report
  6) Advanced HDL Synthesis
     6.1) Advanced HDL Synthesis Report
  7) Low Level Synthesis
  8) Partition Report
  9) Final Report
	9.1) Device utilization summary
	9.2) Partition Resource Summary
	9.3) TIMING REPORT


=========================================================================
*                      Synthesis Options Summary                        *
=========================================================================
---- Source Parameters
Input File Name                    : "rc5.prj"
Input Format                       : mixed
Ignore Synthesis Constraint File   : NO

---- Target Parameters
Output File Name                   : "rc5"
Output Format                      : NGC
Target Device                      : xc3s100e-4-cp132

---- Source Options
Top Module Name                    : rc5
Automatic FSM Extraction           : YES
FSM Encoding Algorithm             : Auto
Safe Implementation                : No
FSM Style                          : LUT
RAM Extraction                     : Yes
RAM Style                          : Auto
ROM Extraction                     : Yes
Mux Style                          : Auto
Decoder Extraction                 : YES
Priority Encoder Extraction        : Yes
Shift Register Extraction          : YES
Logical Shifter Extraction         : YES
XOR Collapsing                     : YES
ROM Style                          : Auto
Mux Extraction                     : Yes
Resource Sharing                   : YES
Asynchronous To Synchronous        : NO
Multiplier Style                   : Auto
Automatic Register Balancing       : No

---- Target Options
Add IO Buffers                     : YES
Global Maximum Fanout              : 500
Add Generic Clock Buffer(BUFG)     : 24
Register Duplication               : YES
Slice Packing                      : YES
Optimize Instantiated Primitives   : NO
Use Clock Enable                   : Yes
Use Synchronous Set                : Yes
Use Synchronous Reset              : Yes
Pack IO Registers into IOBs        : Auto
Equivalent register Removal        : YES

---- General Options
Optimization Goal                  : Speed
Optimization Effort                : 1
Keep Hierarchy                     : No
Netlist Hierarchy                  : As_Optimized
RTL Output                         : Yes
Global Optimization                : AllClockNets
Read Cores                         : YES
Write Timing Constraints           : NO
Cross Clock Analysis               : NO
Hierarchy Separator                : /
Bus Delimiter                      : <>
Case Specifier                     : Maintain
Slice Utilization Ratio            : 100
BRAM Utilization Ratio             : 100
Verilog 2001                       : YES
Auto BRAM Packing                  : NO
Slice Utilization Ratio Delta      : 5

=========================================================================


=========================================================================
*                          HDL Compilation                              *
=========================================================================
Compiling vhdl file "C:/SkyDrive/School/Polytechnic/EL6463_AdvancedHardwareDesign/Labs/Lab7/rotLeft.vhd" in Library work.
Architecture rtl of Entity rotleft is up to date.
Compiling vhdl file "C:/SkyDrive/School/Polytechnic/EL6463_AdvancedHardwareDesign/Labs/Lab7/hex2sevenseg.vhd" in Library work.
Architecture behavioral of Entity hex_7seg is up to date.
Compiling vhdl file "C:/SkyDrive/School/Polytechnic/EL6463_AdvancedHardwareDesign/Labs/Lab7/rc5.vhd" in Library work.
Entity <rc5> compiled.
Entity <rc5> (Architecture <rtl>) compiled.

=========================================================================
*                     Design Hierarchy Analysis                         *
=========================================================================
Analyzing hierarchy for entity <rc5> in library <work> (architecture <rtl>).

Analyzing hierarchy for entity <rotLeft> in library <work> (architecture <rtl>).

Analyzing hierarchy for entity <hex_7seg> in library <work> (architecture <behavioral>).


=========================================================================
*                            HDL Analysis                               *
=========================================================================
Analyzing Entity <rc5> in library <work> (Architecture <rtl>).
Entity <rc5> analyzed. Unit <rc5> generated.

Analyzing Entity <rotLeft> in library <work> (Architecture <rtl>).
Entity <rotLeft> analyzed. Unit <rotLeft> generated.

Analyzing Entity <hex_7seg> in library <work> (Architecture <behavioral>).
INFO:Xst:1561 - "C:/SkyDrive/School/Polytechnic/EL6463_AdvancedHardwareDesign/Labs/Lab7/hex2sevenseg.vhd" line 57: Mux is complete : default of case is discarded
Entity <hex_7seg> analyzed. Unit <hex_7seg> generated.


=========================================================================
*                           HDL Synthesis                               *
=========================================================================

Performing bidirectional port resolution...

Synthesizing Unit <rotLeft>.
    Related source file is "C:/SkyDrive/School/Polytechnic/EL6463_AdvancedHardwareDesign/Labs/Lab7/rotLeft.vhd".
    Found 32-bit shifter rotate left for signal <dout>.
    Summary:
	inferred   1 Combinational logic shifter(s).
Unit <rotLeft> synthesized.


Synthesizing Unit <hex_7seg>.
    Related source file is "C:/SkyDrive/School/Polytechnic/EL6463_AdvancedHardwareDesign/Labs/Lab7/hex2sevenseg.vhd".
    Found 16x7-bit ROM for signal <segment_data>.
    Summary:
	inferred   1 ROM(s).
Unit <hex_7seg> synthesized.


Synthesizing Unit <rc5>.
    Related source file is "C:/SkyDrive/School/Polytechnic/EL6463_AdvancedHardwareDesign/Labs/Lab7/rc5.vhd".
    Found 26x32-bit ROM for signal <a$rom0000> created at line 90.
    Found 26x32-bit ROM for signal <b$rom0000> created at line 100.
INFO:Xst:1799 - State st_post_round is never reached in FSM <state>.
    Found finite state machine <FSM_0> for signal <state>.
    -----------------------------------------------------------------------
    | States             | 4                                              |
    | Transitions        | 6                                              |
    | Inputs             | 2                                              |
    | Outputs            | 3                                              |
    | Clock              | clk_25                    (rising_edge)        |
    | Reset              | clr                       (positive)           |
    | Reset type         | asynchronous                                   |
    | Reset State        | st_idle                                        |
    | Power Up State     | st_idle                                        |
    | Encoding           | automatic                                      |
    | Implementation     | LUT                                            |
    -----------------------------------------------------------------------
    Found 4x4-bit ROM for signal <AN$mux0001> created at line 199.
    Found 4-bit register for signal <AN>.
    Found 32-bit adder for signal <a>.
    Found 32-bit adder for signal <a_pre>.
    Found 32-bit register for signal <a_reg>.
    Found 32-bit xor2 for signal <ab_xor>.
    Found 32-bit adder for signal <b>.
    Found 32-bit adder for signal <b_pre>.
    Found 32-bit register for signal <b_reg>.
    Found 32-bit xor2 for signal <ba_xor>.
    Found 4-bit register for signal <hex_digit_i>.
    Found 4-bit 4-to-1 multiplexer for signal <hex_digit_i$mux0001> created at line 199.
    Found 4-bit register for signal <i_cnt>.
    Found 4-bit adder for signal <i_cnt$addsub0000> created at line 157.
    Found 10-bit up counter for signal <LED_flash_cnt>.
    Summary:
	inferred   1 Finite State Machine(s).
	inferred   3 ROM(s).
	inferred   1 Counter(s).
	inferred  72 D-type flip-flop(s).
	inferred   5 Adder/Subtractor(s).
	inferred   4 Multiplexer(s).
Unit <rc5> synthesized.


=========================================================================
HDL Synthesis Report

Macro Statistics
# ROMs                                                 : 4
 16x7-bit ROM                                          : 1
 26x32-bit ROM                                         : 2
 4x4-bit ROM                                           : 1
# Adders/Subtractors                                   : 5
 32-bit adder                                          : 4
 4-bit adder                                           : 1
# Counters                                             : 1
 10-bit up counter                                     : 1
# Registers                                            : 5
 32-bit register                                       : 2
 4-bit register                                        : 3
# Multiplexers                                         : 1
 4-bit 4-to-1 multiplexer                              : 1
# Logic shifters                                       : 2
 32-bit shifter rotate left                            : 2
# Xors                                                 : 2
 32-bit xor2                                           : 2

=========================================================================

=========================================================================
*                       Advanced HDL Synthesis                          *
=========================================================================

Analyzing FSM <FSM_0> for best encoding.
Optimizing FSM <state/FSM> on signal <state[1:2]> with gray encoding.
---------------------------
 State         | Encoding
---------------------------
 st_idle       | 00
 st_pre_round  | 01
 st_round_op   | 11
 st_post_round | unreached
 st_ready      | 10
---------------------------

=========================================================================
Advanced HDL Synthesis Report

Macro Statistics
# FSMs                                                 : 1
# ROMs                                                 : 4
 16x7-bit ROM                                          : 1
 26x32-bit ROM                                         : 2
 4x4-bit ROM                                           : 1
# Adders/Subtractors                                   : 5
 32-bit adder                                          : 4
 4-bit adder                                           : 1
# Counters                                             : 1
 10-bit up counter                                     : 1
# Registers                                            : 76
 Flip-Flops                                            : 76
# Multiplexers                                         : 1
 4-bit 4-to-1 multiplexer                              : 1
# Logic shifters                                       : 2
 32-bit shifter rotate left                            : 2
# Xors                                                 : 2
 32-bit xor2                                           : 2

=========================================================================

=========================================================================
*                         Low Level Synthesis                           *
=========================================================================

Optimizing unit <rc5> ...

Mapping all equations...
Building and optimizing final netlist ...
Found area constraint ratio of 100 (+ 5) on block rc5, actual ratio is 40.
FlipFlop b_reg_0 has been replicated 3 time(s)
FlipFlop b_reg_2 has been replicated 1 time(s)
FlipFlop b_reg_3 has been replicated 1 time(s)
FlipFlop b_reg_4 has been replicated 1 time(s)

Final Macro Processing ...

=========================================================================
Final Register Report

Macro Statistics
# Registers                                            : 94
 Flip-Flops                                            : 94

=========================================================================

=========================================================================
*                           Partition Report                            *
=========================================================================

Partition Implementation Status
-------------------------------

  No Partitions were found in this design.

-------------------------------

=========================================================================
*                            Final Report                               *
=========================================================================
Final Results
RTL Top Level Output File Name     : rc5.ngr
Top Level Output File Name         : rc5
Output Format                      : NGC
Optimization Goal                  : Speed
Keep Hierarchy                     : No

Design Statistics
# IOs                              : 31

Cell Usage :
# BELS                             : 981
#      GND                         : 1
#      INV                         : 1
#      LUT1                        : 9
#      LUT2                        : 51
#      LUT2_D                      : 1
#      LUT3                        : 259
#      LUT3_D                      : 14
#      LUT3_L                      : 12
#      LUT4                        : 343
#      LUT4_D                      : 13
#      LUT4_L                      : 2
#      MUXCY                       : 71
#      MUXF5                       : 129
#      VCC                         : 1
#      XORCY                       : 74
# FlipFlops/Latches                : 94
#      FDC                         : 89
#      FDP                         : 5
# Clock Buffers                    : 1
#      BUFGP                       : 1
# IO Buffers                       : 30
#      IBUF                        : 10
#      OBUF                        : 20
=========================================================================

Device utilization summary:
---------------------------

Selected Device : 3s100ecp132-4 

 Number of Slices:                      382  out of    960    39%  
 Number of Slice Flip Flops:             94  out of   1920     4%  
 Number of 4 input LUTs:                705  out of   1920    36%  
 Number of IOs:                          31
 Number of bonded IOBs:                  31  out of     83    37%  
 Number of GCLKs:                         1  out of     24     4%  

---------------------------
Partition Resource Summary:
---------------------------

  No Partitions were found in this design.

---------------------------


=========================================================================
TIMING REPORT

NOTE: THESE TIMING NUMBERS ARE ONLY A SYNTHESIS ESTIMATE.
      FOR ACCURATE TIMING INFORMATION PLEASE REFER TO THE TRACE REPORT
      GENERATED AFTER PLACE-and-ROUTE.

Clock Information:
------------------
-----------------------------------+------------------------+-------+
Clock Signal                       | Clock buffer(FF name)  | Load  |
-----------------------------------+------------------------+-------+
clk_25                             | BUFGP                  | 94    |
-----------------------------------+------------------------+-------+

Asynchronous Control Signals Information:
----------------------------------------
-----------------------------------+------------------------+-------+
Control Signal                     | Buffer(FF name)        | Load  |
-----------------------------------+------------------------+-------+
clr                                | IBUF                   | 94    |
-----------------------------------+------------------------+-------+

Timing Summary:
---------------
Speed Grade: -4

   Minimum period: 21.253ns (Maximum Frequency: 47.052MHz)
   Minimum input arrival time before clock: 8.919ns
   Maximum output required time after clock: 6.445ns
   Maximum combinational path delay: 5.198ns

Timing Detail:
--------------
All values displayed in nanoseconds (ns)

=========================================================================
Timing constraint: Default period analysis for Clock 'clk_25'
  Clock period: 21.253ns (frequency: 47.052MHz)
  Total number of paths / destination ports: 112863301 / 94
-------------------------------------------------------------------------
Delay:               21.253ns (Levels of Logic = 78)
  Source:            b_reg_7 (FF)
  Destination:       b_reg_31 (FF)
  Source Clock:      clk_25 rising
  Destination Clock: clk_25 rising

  Data Path: b_reg_7 to b_reg_31
                                Gate     Net
    Cell:in->out      fanout   Delay   Delay  Logical Name (Net Name)
    ----------------------------------------  ------------
     FDC:C->Q             10   0.591   0.961  b_reg_7 (b_reg_7)
     LUT2:I1->O            4   0.704   0.591  Mxor_ab_xor_Result<7>1 (ab_xor<7>)
     LUT4:I3->O            1   0.704   0.000  Sh8_F (N324)
     MUXF5:I0->O           4   0.321   0.622  Sh8 (Sh8)
     LUT3:I2->O            1   0.704   0.000  Sh4831_F (N350)
     MUXF5:I0->O           3   0.321   0.566  Sh4831 (Sh48)
     LUT3:I2->O            1   0.704   0.499  Sh641 (Sh64)
     LUT2:I1->O            1   0.704   0.000  Madd_a_lut<0> (Madd_a_lut<0>)
     MUXCY:S->O            1   0.464   0.000  Madd_a_cy<0> (Madd_a_cy<0>)
     MUXCY:CI->O           1   0.059   0.000  Madd_a_cy<1> (Madd_a_cy<1>)
     MUXCY:CI->O           1   0.059   0.000  Madd_a_cy<2> (Madd_a_cy<2>)
     MUXCY:CI->O           1   0.059   0.000  Madd_a_cy<3> (Madd_a_cy<3>)
     MUXCY:CI->O           1   0.059   0.000  Madd_a_cy<4> (Madd_a_cy<4>)
     MUXCY:CI->O           1   0.059   0.000  Madd_a_cy<5> (Madd_a_cy<5>)
     MUXCY:CI->O           1   0.059   0.000  Madd_a_cy<6> (Madd_a_cy<6>)
     MUXCY:CI->O           1   0.059   0.000  Madd_a_cy<7> (Madd_a_cy<7>)
     MUXCY:CI->O           1   0.059   0.000  Madd_a_cy<8> (Madd_a_cy<8>)
     MUXCY:CI->O           1   0.059   0.000  Madd_a_cy<9> (Madd_a_cy<9>)
     MUXCY:CI->O           1   0.059   0.000  Madd_a_cy<10> (Madd_a_cy<10>)
     MUXCY:CI->O           1   0.059   0.000  Madd_a_cy<11> (Madd_a_cy<11>)
     MUXCY:CI->O           1   0.059   0.000  Madd_a_cy<12> (Madd_a_cy<12>)
     MUXCY:CI->O           1   0.059   0.000  Madd_a_cy<13> (Madd_a_cy<13>)
     MUXCY:CI->O           1   0.059   0.000  Madd_a_cy<14> (Madd_a_cy<14>)
     MUXCY:CI->O           1   0.059   0.000  Madd_a_cy<15> (Madd_a_cy<15>)
     MUXCY:CI->O           1   0.059   0.000  Madd_a_cy<16> (Madd_a_cy<16>)
     MUXCY:CI->O           1   0.059   0.000  Madd_a_cy<17> (Madd_a_cy<17>)
     MUXCY:CI->O           1   0.059   0.000  Madd_a_cy<18> (Madd_a_cy<18>)
     MUXCY:CI->O           1   0.059   0.000  Madd_a_cy<19> (Madd_a_cy<19>)
     MUXCY:CI->O           1   0.059   0.000  Madd_a_cy<20> (Madd_a_cy<20>)
     MUXCY:CI->O           1   0.059   0.000  Madd_a_cy<21> (Madd_a_cy<21>)
     MUXCY:CI->O           1   0.059   0.000  Madd_a_cy<22> (Madd_a_cy<22>)
     MUXCY:CI->O           1   0.059   0.000  Madd_a_cy<23> (Madd_a_cy<23>)
     MUXCY:CI->O           1   0.059   0.000  Madd_a_cy<24> (Madd_a_cy<24>)
     MUXCY:CI->O           1   0.059   0.000  Madd_a_cy<25> (Madd_a_cy<25>)
     MUXCY:CI->O           1   0.059   0.000  Madd_a_cy<26> (Madd_a_cy<26>)
     MUXCY:CI->O           1   0.059   0.000  Madd_a_cy<27> (Madd_a_cy<27>)
     MUXCY:CI->O           1   0.059   0.000  Madd_a_cy<28> (Madd_a_cy<28>)
     MUXCY:CI->O           1   0.059   0.000  Madd_a_cy<29> (Madd_a_cy<29>)
     MUXCY:CI->O           0   0.059   0.000  Madd_a_cy<30> (Madd_a_cy<30>)
     XORCY:CI->O           4   0.804   0.591  Madd_a_xor<31> (a<31>)
     LUT4:I3->O            4   0.704   0.000  Sh981 (Sh962)
     MUXF5:I0->O           3   0.321   0.610  Sh96_f5 (Sh96)
     LUT2:I1->O            4   0.704   0.591  Sh1323 (Sh12816)
     LUT4:I3->O            1   0.704   0.000  Sh1601_F (N318)
     MUXF5:I0->O           1   0.321   0.499  Sh1601 (Sh160)
     LUT2:I1->O            1   0.704   0.000  Madd_b_lut<0> (Madd_b_lut<0>)
     MUXCY:S->O            1   0.464   0.000  Madd_b_cy<0> (Madd_b_cy<0>)
     MUXCY:CI->O           1   0.059   0.000  Madd_b_cy<1> (Madd_b_cy<1>)
     MUXCY:CI->O           1   0.059   0.000  Madd_b_cy<2> (Madd_b_cy<2>)
     MUXCY:CI->O           1   0.059   0.000  Madd_b_cy<3> (Madd_b_cy<3>)
     MUXCY:CI->O           1   0.059   0.000  Madd_b_cy<4> (Madd_b_cy<4>)
     MUXCY:CI->O           1   0.059   0.000  Madd_b_cy<5> (Madd_b_cy<5>)
     MUXCY:CI->O           1   0.059   0.000  Madd_b_cy<6> (Madd_b_cy<6>)
     MUXCY:CI->O           1   0.059   0.000  Madd_b_cy<7> (Madd_b_cy<7>)
     MUXCY:CI->O           1   0.059   0.000  Madd_b_cy<8> (Madd_b_cy<8>)
     MUXCY:CI->O           1   0.059   0.000  Madd_b_cy<9> (Madd_b_cy<9>)
     MUXCY:CI->O           1   0.059   0.000  Madd_b_cy<10> (Madd_b_cy<10>)
     MUXCY:CI->O           1   0.059   0.000  Madd_b_cy<11> (Madd_b_cy<11>)
     MUXCY:CI->O           1   0.059   0.000  Madd_b_cy<12> (Madd_b_cy<12>)
     MUXCY:CI->O           1   0.059   0.000  Madd_b_cy<13> (Madd_b_cy<13>)
     MUXCY:CI->O           1   0.059   0.000  Madd_b_cy<14> (Madd_b_cy<14>)
     MUXCY:CI->O           1   0.059   0.000  Madd_b_cy<15> (Madd_b_cy<15>)
     MUXCY:CI->O           1   0.059   0.000  Madd_b_cy<16> (Madd_b_cy<16>)
     MUXCY:CI->O           1   0.059   0.000  Madd_b_cy<17> (Madd_b_cy<17>)
     MUXCY:CI->O           1   0.059   0.000  Madd_b_cy<18> (Madd_b_cy<18>)
     MUXCY:CI->O           1   0.059   0.000  Madd_b_cy<19> (Madd_b_cy<19>)
     MUXCY:CI->O           1   0.059   0.000  Madd_b_cy<20> (Madd_b_cy<20>)
     MUXCY:CI->O           1   0.059   0.000  Madd_b_cy<21> (Madd_b_cy<21>)
     MUXCY:CI->O           1   0.059   0.000  Madd_b_cy<22> (Madd_b_cy<22>)
     MUXCY:CI->O           1   0.059   0.000  Madd_b_cy<23> (Madd_b_cy<23>)
     MUXCY:CI->O           1   0.059   0.000  Madd_b_cy<24> (Madd_b_cy<24>)
     MUXCY:CI->O           1   0.059   0.000  Madd_b_cy<25> (Madd_b_cy<25>)
     MUXCY:CI->O           1   0.059   0.000  Madd_b_cy<26> (Madd_b_cy<26>)
     MUXCY:CI->O           1   0.059   0.000  Madd_b_cy<27> (Madd_b_cy<27>)
     MUXCY:CI->O           1   0.059   0.000  Madd_b_cy<28> (Madd_b_cy<28>)
     MUXCY:CI->O           1   0.059   0.000  Madd_b_cy<29> (Madd_b_cy<29>)
     MUXCY:CI->O           0   0.059   0.000  Madd_b_cy<30> (Madd_b_cy<30>)
     XORCY:CI->O           1   0.804   0.424  Madd_b_xor<31> (b<31>)
     LUT4:I3->O            1   0.704   0.000  b_reg_mux0000<31>1 (b_reg_mux0000<31>)
     FDC:D                     0.308          b_reg_31
    ----------------------------------------
    Total                     21.253ns (15.299ns logic, 5.954ns route)
                                       (72.0% logic, 28.0% route)

=========================================================================
Timing constraint: Default OFFSET IN BEFORE for Clock 'clk_25'
  Total number of paths / destination ports: 211 / 19
-------------------------------------------------------------------------
Offset:              8.919ns (Levels of Logic = 7)
  Source:            din_lower<0> (PAD)
  Destination:       b_reg_8 (FF)
  Destination Clock: clk_25 rising

  Data Path: din_lower<0> to b_reg_8
                                Gate     Net
    Cell:in->out      fanout   Delay   Delay  Logical Name (Net Name)
    ----------------------------------------  ------------
     IBUF:I->O             7   1.218   0.787  din_lower_0_IBUF (Madd_b_pre_cy<0>)
     LUT3:I1->O            5   0.704   0.712  Madd_b_pre_cy<2>11 (Madd_b_pre_cy<2>)
     LUT3:I1->O            5   0.704   0.712  Madd_b_pre_cy<4>11 (Madd_b_pre_cy<4>)
     LUT3:I1->O            5   0.704   0.637  Madd_b_pre_cy<6>11 (Madd_b_pre_cy<6>)
     LUT4:I3->O            6   0.704   0.704  b_reg_mux0000<8>10 (b_reg_mux0000<10>10)
     LUT3:I2->O            1   0.704   0.000  b_reg_mux0000<10>21_F (N528)
     MUXF5:I0->O           1   0.321   0.000  b_reg_mux0000<10>21 (b_reg_mux0000<10>)
     FDC:D                     0.308          b_reg_10
    ----------------------------------------
    Total                      8.919ns (5.367ns logic, 3.552ns route)
                                       (60.2% logic, 39.8% route)

=========================================================================
Timing constraint: Default OFFSET OUT AFTER for Clock 'clk_25'
  Total number of paths / destination ports: 34 / 12
-------------------------------------------------------------------------
Offset:              6.445ns (Levels of Logic = 2)
  Source:            state_FSM_FFd2 (FF)
  Destination:       do_rdy (PAD)
  Source Clock:      clk_25 rising

  Data Path: state_FSM_FFd2 to do_rdy
                                Gate     Net
    Cell:in->out      fanout   Delay   Delay  Logical Name (Net Name)
    ----------------------------------------  ------------
     FDC:C->Q             99   0.591   1.458  state_FSM_FFd2 (state_FSM_FFd2)
     LUT2:I0->O            1   0.704   0.420  state_FSM_Out21 (do_rdy_OBUF)
     OBUF:I->O                 3.272          do_rdy_OBUF (do_rdy)
    ----------------------------------------
    Total                      6.445ns (4.567ns logic, 1.878ns route)
                                       (70.9% logic, 29.1% route)

=========================================================================
Timing constraint: Default path analysis
  Total number of paths / destination ports: 8 / 8
-------------------------------------------------------------------------
Delay:               5.198ns (Levels of Logic = 2)
  Source:            din_lower<0> (PAD)
  Destination:       swtch_led<0> (PAD)

  Data Path: din_lower<0> to swtch_led<0>
                                Gate     Net
    Cell:in->out      fanout   Delay   Delay  Logical Name (Net Name)
    ----------------------------------------  ------------
     IBUF:I->O             7   1.218   0.708  din_lower_0_IBUF (Madd_b_pre_cy<0>)
     OBUF:I->O                 3.272          swtch_led_0_OBUF (swtch_led<0>)
    ----------------------------------------
    Total                      5.198ns (4.490ns logic, 0.708ns route)
                                       (86.4% logic, 13.6% route)

=========================================================================


Total REAL time to Xst completion: 15.00 secs
Total CPU time to Xst completion: 15.56 secs
 
--> 

Total memory usage is 272988 kilobytes

Number of errors   :    0 (   0 filtered)
Number of warnings :    3 (   3 filtered)
Number of infos    :    2 (   0 filtered)

