V3 31
FL C:/OneDrive/School/Polytechnic/EL6463_AdvancedHardwareDesign/Labs/Lab6/rc5.vhd 2015/04/01.12:45:56 P.20131013
EN work/rc5 1427906917 \
      FL C:/OneDrive/School/Polytechnic/EL6463_AdvancedHardwareDesign/Labs/Lab6/rc5.vhd \
      PB ieee/std_logic_1164 1381692176 PB ieee/STD_LOGIC_UNSIGNED 1381692179 \
      PH work/rc5_pkg 1427906910
AR work/rc5/rtl 1427906918 \
      FL C:/OneDrive/School/Polytechnic/EL6463_AdvancedHardwareDesign/Labs/Lab6/rc5.vhd \
      EN work/rc5 1427906917 CP rotLeft CP rotRight
FL C:/OneDrive/School/Polytechnic/EL6463_AdvancedHardwareDesign/Labs/Lab6/rc5_key.vhd 2015/03/31.22:25:42 P.20131013
EN work/rc5_key 1427906915 \
      FL C:/OneDrive/School/Polytechnic/EL6463_AdvancedHardwareDesign/Labs/Lab6/rc5_key.vhd \
      PB ieee/std_logic_1164 1381692176 PB ieee/STD_LOGIC_UNSIGNED 1381692179 \
      PH work/rc5_pkg 1427906910
AR work/rc5_key/key_exp 1427906916 \
      FL C:/OneDrive/School/Polytechnic/EL6463_AdvancedHardwareDesign/Labs/Lab6/rc5_key.vhd \
      EN work/rc5_key 1427906915 CP rotLeft
FL C:/OneDrive/School/Polytechnic/EL6463_AdvancedHardwareDesign/Labs/Lab6/rc5_pkg.vhd 2015/03/31.21:20:38 P.20131013
PH work/rc5_pkg 1427906910 \
      FL C:/OneDrive/School/Polytechnic/EL6463_AdvancedHardwareDesign/Labs/Lab6/rc5_pkg.vhd \
      PB ieee/std_logic_1164 1381692176 CD rotLeft CD rotRight CD rc5_key CD rc5
FL C:/OneDrive/School/Polytechnic/EL6463_AdvancedHardwareDesign/Labs/Lab6/rotLeft.vhd 2015/03/31.19:35:08 P.20131013
EN work/rotLeft 1427906911 \
      FL C:/OneDrive/School/Polytechnic/EL6463_AdvancedHardwareDesign/Labs/Lab6/rotLeft.vhd \
      PB ieee/std_logic_1164 1381692176
AR work/rotLeft/rtl 1427906912 \
      FL C:/OneDrive/School/Polytechnic/EL6463_AdvancedHardwareDesign/Labs/Lab6/rotLeft.vhd \
      EN work/rotLeft 1427906911
FL C:/OneDrive/School/Polytechnic/EL6463_AdvancedHardwareDesign/Labs/Lab6/rotRight.vhd 2015/03/31.19:37:07 P.20131013
EN work/rotRight 1427906913 \
      FL C:/OneDrive/School/Polytechnic/EL6463_AdvancedHardwareDesign/Labs/Lab6/rotRight.vhd \
      PB ieee/std_logic_1164 1381692176
AR work/rotRight/rtl 1427906914 \
      FL C:/OneDrive/School/Polytechnic/EL6463_AdvancedHardwareDesign/Labs/Lab6/rotRight.vhd \
      EN work/rotRight 1427906913
FL C:/OneDrive/School/Polytechnic/EL6463_AdvancedHardwareDesign/Labs/Lab6/tb_rc5.vhd 2015/04/01.12:46:42 P.20131013
EN work/tb_rc5 1427906919 \
      FL C:/OneDrive/School/Polytechnic/EL6463_AdvancedHardwareDesign/Labs/Lab6/tb_rc5.vhd \
      PB ieee/std_logic_1164 1381692176 PH work/rc5_pkg 1427906910
AR work/tb_rc5/struct 1427906920 \
      FL C:/OneDrive/School/Polytechnic/EL6463_AdvancedHardwareDesign/Labs/Lab6/tb_rc5.vhd \
      EN work/tb_rc5 1427906919 CP rc5_key CP rc5
FL C:/SkyDrive/School/Polytechnic/EL6463_AdvancedHardwareDesign/Labs/Lab6/rc5.vhd 2015/03/31.22:14:08 P.20131013
FL C:/SkyDrive/School/Polytechnic/EL6463_AdvancedHardwareDesign/Labs/Lab6/rc5_key.vhd 2015/03/31.22:25:42 P.20131013
FL C:/SkyDrive/School/Polytechnic/EL6463_AdvancedHardwareDesign/Labs/Lab6/rc5_pkg.vhd 2015/03/31.21:20:38 P.20131013
FL C:/SkyDrive/School/Polytechnic/EL6463_AdvancedHardwareDesign/Labs/Lab6/rotLeft.vhd 2015/03/31.19:35:08 P.20131013
FL C:/SkyDrive/School/Polytechnic/EL6463_AdvancedHardwareDesign/Labs/Lab6/rotRight.vhd 2015/03/31.19:37:07 P.20131013
FL C:/SkyDrive/School/Polytechnic/EL6463_AdvancedHardwareDesign/Labs/Lab6/tb_rc5.vhd 2015/04/01.00:48:48 P.20131013
